// Jest Snapshot v1, https://goo.gl/fbAQLP

exports[`Creates a LoginForm snapshot 1`] = `
<DocumentFragment>
  <div
    class="container"
  >
    <h2
      class="mb-3 text-white mt-5"
    >
      Login
    </h2>
    <div
      class="card"
    >
      <div
        class="card-body"
      >
        <form
          class=""
        >
          <div
            class="mb-3"
          >
            <label
              class="mt-3 form-label"
              for="username"
            >
              Username
            </label>
            <input
              class="form-control"
              id="username"
              name="username"
              type="text"
            />
            <label
              class="mt-3 form-label"
              for="password"
            >
              Password
            </label>
            <input
              autocomplete="on"
              class="form-control"
              id="password"
              name="password"
              type="password"
            />
          </div>
          <button
            class="btn btn-secondary"
            type="submit"
          >
            Submit
          </button>
        </form>
      </div>
    </div>
  </div>
</DocumentFragment>
`;
