// Jest Snapshot v1, https://goo.gl/fbAQLP

exports[`Snapshot- Renders loading before API call. 1`] = `
<DocumentFragment>
  <p>
    Loading...
  </p>
</DocumentFragment>
`;

exports[`Snapshot- Renders user profile for valid user 1`] = `
<DocumentFragment>
  <p>
    Loading...
  </p>
</DocumentFragment>
`;
