// Jest Snapshot v1, https://goo.gl/fbAQLP

exports[`ProjectList component- approp display Valid user, renders no project to display if no API call yet. 1`] = `
<DocumentFragment>
  <div
    class="container"
  >
    <h1
      class="text-center text-white pt-2 mt-2"
    >
      Projects
    </h1>
    <div
      class="container pt-3 mt-2 mb-4 bg-dark bg-gradient text-white d-flex justify-content-between card"
    >
      <p
        class="card-text"
      >
        <a
          class="d-flex justify-content-between p-2"
          href="/projects/carousel"
          id="Project-links"
        >
          View the projects through match-cards 
          <svg
            aria-hidden="true"
            class="svg-inline--fa fa-heart "
            data-icon="heart"
            data-prefix="far"
            focusable="false"
            role="img"
            viewBox="0 0 512 512"
            xmlns="http://www.w3.org/2000/svg"
          >
            <path
              d="M244 84L255.1 96L267.1 84.02C300.6 51.37 347 36.51 392.6 44.1C461.5 55.58 512 115.2 512 185.1V190.9C512 232.4 494.8 272.1 464.4 300.4L283.7 469.1C276.2 476.1 266.3 480 256 480C245.7 480 235.8 476.1 228.3 469.1L47.59 300.4C17.23 272.1 0 232.4 0 190.9V185.1C0 115.2 50.52 55.58 119.4 44.1C164.1 36.51 211.4 51.37 244 84C243.1 84 244 84.01 244 84L244 84zM255.1 163.9L210.1 117.1C188.4 96.28 157.6 86.4 127.3 91.44C81.55 99.07 48 138.7 48 185.1V190.9C48 219.1 59.71 246.1 80.34 265.3L256 429.3L431.7 265.3C452.3 246.1 464 219.1 464 190.9V185.1C464 138.7 430.4 99.07 384.7 91.44C354.4 86.4 323.6 96.28 301.9 117.1L255.1 163.9z"
              fill="currentColor"
            />
          </svg>
        </a>
        <a
          class="d-flex justify-content-between p-2"
          href="/projects/add"
          id="Project-links"
        >
          Create a project 
          <svg
            aria-hidden="true"
            class="svg-inline--fa fa-pen-to-square "
            data-icon="pen-to-square"
            data-prefix="far"
            focusable="false"
            role="img"
            viewBox="0 0 512 512"
            xmlns="http://www.w3.org/2000/svg"
          >
            <path
              d="M441 58.9L453.1 71c9.4 9.4 9.4 24.6 0 33.9L424 134.1 377.9 88 407 58.9c9.4-9.4 24.6-9.4 33.9 0zM209.8 256.2L344 121.9 390.1 168 255.8 302.2c-2.9 2.9-6.5 5-10.4 6.1l-58.5 16.7 16.7-58.5c1.1-3.9 3.2-7.5 6.1-10.4zM373.1 25L175.8 222.2c-8.7 8.7-15 19.4-18.3 31.1l-28.6 100c-2.4 8.4-.1 17.4 6.1 23.6s15.2 8.5 23.6 6.1l100-28.6c11.8-3.4 22.5-9.7 31.1-18.3L487 138.9c28.1-28.1 28.1-73.7 0-101.8L474.9 25C446.8-3.1 401.2-3.1 373.1 25zM88 64C39.4 64 0 103.4 0 152V424c0 48.6 39.4 88 88 88H360c48.6 0 88-39.4 88-88V312c0-13.3-10.7-24-24-24s-24 10.7-24 24V424c0 22.1-17.9 40-40 40H88c-22.1 0-40-17.9-40-40V152c0-22.1 17.9-40 40-40H200c13.3 0 24-10.7 24-24s-10.7-24-24-24H88z"
              fill="currentColor"
            />
          </svg>
           
        </a>
      </p>
    </div>
    <div
      class="m-3 p-3 card"
    >
      <p
        class="card-text"
        style="text-align: center;"
      >
        No projects left to match. Come back and check again soon!
      </p>
    </div>
  </div>
</DocumentFragment>
`;
