// Jest Snapshot v1, https://goo.gl/fbAQLP

exports[`About renders for valid user 1`] = `<DocumentFragment />`;
